# cpace v0.1.3 paired long-fuzz evidence
# candidate=1f19e278112fa037890848ed6c086addeffdca4e
# candidate_worktree=./repo
# transcript_start_utc=2026-07-31T08:29:10Z
# capture_script=docs/evidence/1f19e27-20260731-fuzz/capture.sh

$ hostname
# start_utc=2026-07-31T08:29:10Z
m1mini.local
# end_utc=2026-07-31T08:29:10Z exit=0

$ sw_vers
# start_utc=2026-07-31T08:29:10Z
ProductName:		macOS
ProductVersion:		15.7.7
BuildVersion:		24G720
# end_utc=2026-07-31T08:29:10Z exit=0

$ uname -a
# start_utc=2026-07-31T08:29:10Z
Darwin m1mini.local 24.6.0 Darwin Kernel Version 24.6.0: Tue Apr 21 20:18:14 PDT 2026; root:xnu-11417.140.69.710.16~1/RELEASE_ARM64_T8103 arm64
# end_utc=2026-07-31T08:29:10Z exit=0

$ git --version
# start_utc=2026-07-31T08:29:10Z
git version 2.39.5 (Apple Git-154)
# end_utc=2026-07-31T08:29:10Z exit=0

$ go version
# start_utc=2026-07-31T08:29:10Z
go version go1.26.5 darwin/arm64
# end_utc=2026-07-31T08:29:10Z exit=0

$ go env GOOS GOARCH GOVERSION GOTOOLCHAIN GOFLAGS GOENV
# start_utc=2026-07-31T08:29:10Z
darwin
arm64
go1.26.5
go1.26.5

/Users/josh/Library/Application Support/go/env
# end_utc=2026-07-31T08:29:10Z exit=0

$ task --version
# start_utc=2026-07-31T08:29:10Z
3.52.0
# end_utc=2026-07-31T08:29:10Z exit=0

$ jq --version
# start_utc=2026-07-31T08:29:10Z
jq-1.7.1-apple
# end_utc=2026-07-31T08:29:10Z exit=0

$ git rev-parse HEAD
# start_utc=2026-07-31T08:29:10Z
1f19e278112fa037890848ed6c086addeffdca4e
# end_utc=2026-07-31T08:29:10Z exit=0

$ git status --porcelain=v1
# start_utc=2026-07-31T08:29:10Z
# end_utc=2026-07-31T08:29:10Z exit=0

$ git diff --exit-code --no-ext-diff
# start_utc=2026-07-31T08:29:10Z
# end_utc=2026-07-31T08:29:10Z exit=0
# candidate_worktree_clean=true

$ shasum -a 256 .github/fuzz-targets.json fuzz_registry_test.go fuzz_test.go ossfuzz/build.sh Taskfile.yml
# start_utc=2026-07-31T08:29:10Z
54d9e64280117af417c80c218504a11bcd9add071b44daaac40619e09f07c8a8  .github/fuzz-targets.json
0d5079efe30cd0f15a081e5c3eb1c2dcddfaab8af50e43487e1644e86d3ebd1a  fuzz_registry_test.go
32a429dd58d69c5e9ebc325fab8a94cc5b82482694f75846fcf79289af893333  fuzz_test.go
3f99cac9522fb8247f1d45b73e093c27c733e5b10e5be91d8d02e55b07cf8c6e  ossfuzz/build.sh
cc8932ead84355bf5b07e4a92680b8e836fc668b218b93fe1895ae01e24c225a  Taskfile.yml
# end_utc=2026-07-31T08:29:10Z exit=0

$ jq -r '.[] | [.target, .package, .binary] | @tsv' .github/fuzz-targets.json
# start_utc=2026-07-31T08:29:10Z
FuzzDecodeMessageA	.	fuzz_decode_message_a
FuzzDecodeMessageB	.	fuzz_decode_message_b
FuzzDecodeMessageC	.	fuzz_decode_message_c
FuzzDraftVectorJSONLoader	.	fuzz_draft_vector_json_loader
FuzzDraftInvalidVectorJSONLoader	.	fuzz_draft_invalid_vector_json_loader
FuzzProtocolConsistency	.	fuzz_protocol_consistency
FuzzProtocolMismatch	.	fuzz_protocol_mismatch
FuzzRespondWithFuzzedMessageA	.	fuzz_respond_with_fuzzed_message_a
FuzzInitiatorFinishWithFuzzedMessageB	.	fuzz_initiator_finish_with_fuzzed_message_b
FuzzResponderFinishWithFuzzedMessageC	.	fuzz_responder_finish_with_fuzzed_message_c
FuzzScalarMultVFY	.	fuzz_scalar_mult_vfy
FuzzMessageARoundTrip	.	fuzz_message_a_round_trip
FuzzMessageBRoundTrip	.	fuzz_message_b_round_trip
FuzzMessageCRoundTrip	.	fuzz_message_c_round_trip
# end_utc=2026-07-31T08:29:10Z exit=0
# registered_targets=14

$ go test -v -run '^TestFuzzTargetRegistry(Schema|MatchesDefinedTargets|MatchesOSSFuzzBuild)$' -count=1 .
# start_utc=2026-07-31T08:29:10Z
=== RUN   TestFuzzTargetRegistrySchema
--- PASS: TestFuzzTargetRegistrySchema (0.00s)
=== RUN   TestFuzzTargetRegistryMatchesDefinedTargets
--- PASS: TestFuzzTargetRegistryMatchesDefinedTargets (0.01s)
=== RUN   TestFuzzTargetRegistryMatchesOSSFuzzBuild
--- PASS: TestFuzzTargetRegistryMatchesOSSFuzzBuild (0.00s)
PASS
ok  	github.com/the-sarge/cpace	0.197s
# end_utc=2026-07-31T08:29:14Z exit=0

$ go test -count=1 ./...
# start_utc=2026-07-31T08:29:14Z
ok  	github.com/the-sarge/cpace	0.261s
# end_utc=2026-07-31T08:29:15Z exit=0

$ git status --porcelain=v1
# start_utc=2026-07-31T08:29:15Z
# end_utc=2026-07-31T08:29:15Z exit=0

$ git diff --exit-code --no-ext-diff
# start_utc=2026-07-31T08:29:15Z
# end_utc=2026-07-31T08:29:15Z exit=0
# preflight_result=pass

$ FUZZ_RACE=0 GOMAXPROCS=4 FUZZTIME=1h PARALLEL=1 task fuzz
# campaign_start_utc=2026-07-31T08:29:15Z
# environment=GOTOOLCHAIN=go1.26.5 FUZZ_RACE=0 GOMAXPROCS=4 FUZZTIME=1h PARALLEL=1 FUZZ_TEST_PARALLEL=unset
task: [fuzz] set -euo pipefail
command -v jq >/dev/null 2>&1 || {
  echo "jq not found; install jq to run task fuzz"
  exit 1
}

fuzztime="${FUZZTIME}"
case "$fuzztime" in
  *[smh])
    fuzztime_value="${fuzztime%?}"
    ;;
  *)
    echo "FUZZTIME must be a positive Go duration (got: '$fuzztime')"
    exit 1
    ;;
esac
case "$fuzztime_value" in
  ''|*[!0-9]*)
    echo "FUZZTIME must be a positive Go duration (got: '$fuzztime')"
    exit 1
    ;;
esac
case "$fuzztime_value" in
  *[1-9]*) ;;
  *)
    echo "FUZZTIME must be a positive Go duration (got: '$fuzztime')"
    exit 1
    ;;
esac

parallel="${PARALLEL:-}"
if [ -z "$parallel" ]; then
  ncores="$(getconf _NPROCESSORS_ONLN 2>/dev/null || sysctl -n hw.ncpu 2>/dev/null || echo 2)"
  parallel=$(( ncores / 2 ))
  if [ "$parallel" -lt 1 ]; then
    parallel=1
  fi
fi
case "$parallel" in
  ''|*[!0-9]*)
    echo "PARALLEL must be a positive integer (got: '$parallel')"
    exit 1
    ;;
esac
case "$parallel" in
  *[1-9]*) ;;
  *)
    echo "PARALLEL must be a positive integer (got: '$parallel')"
    exit 1
    ;;
esac

target_count="$(jq 'length' .github/fuzz-targets.json)"
if [ "$target_count" -lt 1 ]; then
  echo ".github/fuzz-targets.json contains no targets"
  exit 1
fi

race="${FUZZ_RACE:-1}"
case "$race" in
  0|1) ;;
  *)
    echo "FUZZ_RACE must be 0 or 1 (got: '$race')"
    exit 1
    ;;
esac

gomaxprocs="${GOMAXPROCS:-}"
if [ -n "$gomaxprocs" ]; then
  case "$gomaxprocs" in
    ''|*[!0-9]*)
      echo "GOMAXPROCS must be a positive integer (got: '$gomaxprocs')"
      exit 1
      ;;
  esac
  case "$gomaxprocs" in
    *[1-9]*) ;;
    *)
      echo "GOMAXPROCS must be a positive integer (got: '$gomaxprocs')"
      exit 1
      ;;
  esac
  if [ "${#gomaxprocs}" -gt 6 ]; then
    echo "GOMAXPROCS value is too large (got: '$gomaxprocs')"
    exit 1
  fi
fi

fuzz_test_parallel="${FUZZ_TEST_PARALLEL:-}"
if [ -n "$fuzz_test_parallel" ]; then
  case "$fuzz_test_parallel" in
    ''|*[!0-9]*)
      echo "FUZZ_TEST_PARALLEL must be a positive integer (got: '$fuzz_test_parallel')"
      exit 1
      ;;
  esac
  case "$fuzz_test_parallel" in
    *[1-9]*) ;;
    *)
      echo "FUZZ_TEST_PARALLEL must be a positive integer (got: '$fuzz_test_parallel')"
      exit 1
      ;;
  esac
fi

echo "Running $target_count fuzz targets (PARALLEL=$parallel, FUZZTIME=$fuzztime, FUZZ_RACE=$race, GOMAXPROCS=${gomaxprocs:-default}, FUZZ_TEST_PARALLEL=${fuzz_test_parallel:-default})"
log_dir="$(mktemp -d)"
trap 'rm -rf "$log_dir"' EXIT

jq -r '.[] | "\(.target)|\(.package)"' .github/fuzz-targets.json | \
  xargs -P "$parallel" -I{} bash -c '
    entry="$1"
    dir="$2"
    target="${entry%%|*}"
    pkg="${entry#*|}"
    race_args=()
    if [ "${FUZZ_RACE:-1}" != "0" ]; then
      race_args=(-race)
    fi
    parallel_args=()
    if [ -n "${FUZZ_TEST_PARALLEL:-}" ]; then
      parallel_args=(-parallel="${FUZZ_TEST_PARALLEL}")
    fi
    if out=$(go test "${race_args[@]}" "${parallel_args[@]}" -timeout=0 -fuzz="$target" -fuzztime="$FUZZTIME" "$pkg" 2>&1); then
      printf "=== PASS: %s ===\n" "$target" > "$dir/$target.log"
    else
      printf "=== FAIL: %s (%s) ===\n%s\n" "$target" "$pkg" "$out" > "$dir/$target.log"
      : > "$dir/$target.fail"
    fi
  ' _ {} "$log_dir"

for log in "$log_dir"/*.log; do
  [ -f "$log" ] || continue
  cat "$log"
done
if ls "$log_dir"/*.fail >/dev/null 2>&1; then
  exit 1
fi
echo "All $target_count fuzz targets passed"

Running 14 fuzz targets (PARALLEL=1, FUZZTIME=1h, FUZZ_RACE=0, GOMAXPROCS=4, FUZZ_TEST_PARALLEL=default)
=== PASS: FuzzDecodeMessageA ===
=== PASS: FuzzDecodeMessageB ===
=== PASS: FuzzDecodeMessageC ===
=== PASS: FuzzDraftInvalidVectorJSONLoader ===
=== PASS: FuzzDraftVectorJSONLoader ===
=== PASS: FuzzInitiatorFinishWithFuzzedMessageB ===
=== PASS: FuzzMessageARoundTrip ===
=== PASS: FuzzMessageBRoundTrip ===
=== PASS: FuzzMessageCRoundTrip ===
=== PASS: FuzzProtocolConsistency ===
=== PASS: FuzzProtocolMismatch ===
=== PASS: FuzzRespondWithFuzzedMessageA ===
=== PASS: FuzzResponderFinishWithFuzzedMessageC ===
=== PASS: FuzzScalarMultVFY ===
All 14 fuzz targets passed
# campaign_end_utc=2026-07-31T22:29:31Z
# campaign_duration_seconds=50416
# campaign_exit=0
# new_fuzz_artifacts=none

$ git status --porcelain=v1
# start_utc=2026-07-31T22:29:31Z
# end_utc=2026-07-31T22:29:31Z exit=0
# transcript_end_utc=2026-07-31T22:29:31Z
# result=pass
