2026-08-01T02:31:18.2818077Z Current runner version: '2.336.0'
2026-08-01T02:31:18.2844678Z ##[group]Runner Image Provisioner
2026-08-01T02:31:18.2845919Z Hosted Compute Agent
2026-08-01T02:31:18.2846578Z Version: 20260707.563
2026-08-01T02:31:18.2847288Z Commit: 02667638d2b423fbc733a8e32a88b44996a3ba6e
2026-08-01T02:31:18.2848144Z Build Date: 2026-07-07T19:33:50Z
2026-08-01T02:31:18.2848880Z Worker ID: {be18430e-0dac-4844-b464-8ad18d1b365f}
2026-08-01T02:31:18.2849672Z Azure Region: westus2
2026-08-01T02:31:18.2850319Z ##[endgroup]
2026-08-01T02:31:18.2852289Z ##[group]Operating System
2026-08-01T02:31:18.2853050Z Ubuntu
2026-08-01T02:31:18.2853610Z 24.04.4
2026-08-01T02:31:18.2854130Z LTS
2026-08-01T02:31:18.2854728Z ##[endgroup]
2026-08-01T02:31:18.2855339Z ##[group]Runner Image
2026-08-01T02:31:18.2856417Z Image: ubuntu-24.04
2026-08-01T02:31:18.2857119Z Version: 20260720.247.2
2026-08-01T02:31:18.2858496Z Included Software: https://github.com/actions/runner-images/blob/ubuntu24/20260720.247/images/ubuntu/Ubuntu2404-Readme.md
2026-08-01T02:31:18.2860091Z Image Release: https://github.com/actions/runner-images/releases/tag/ubuntu24%2F20260720.247
2026-08-01T02:31:18.2861100Z ##[endgroup]
2026-08-01T02:31:18.2862272Z ##[group]GITHUB_TOKEN Permissions
2026-08-01T02:31:18.2865138Z Contents: read
2026-08-01T02:31:18.2866186Z Metadata: read
2026-08-01T02:31:18.2866799Z ##[endgroup]
2026-08-01T02:31:18.2869218Z Secret source: Actions
2026-08-01T02:31:18.2870634Z Prepare workflow directory
2026-08-01T02:31:18.3297118Z Prepare all required actions
2026-08-01T02:31:18.3349292Z Getting action download info
2026-08-01T02:31:18.6821288Z Download action repository 'actions/checkout@3d3c42e5aac5ba805825da76410c181273ba90b1' (SHA:3d3c42e5aac5ba805825da76410c181273ba90b1)
2026-08-01T02:31:18.9776906Z Download action repository 'actions/setup-go@b7ad1dad31e06c5925ef5d2fc7ad053ef454303e' (SHA:b7ad1dad31e06c5925ef5d2fc7ad053ef454303e)
2026-08-01T02:31:19.2887733Z Download action repository 'actions/upload-artifact@043fb46d1a93c77aae656e7c1c64a875d1fc6a0a' (SHA:043fb46d1a93c77aae656e7c1c64a875d1fc6a0a)
2026-08-01T02:31:19.4825950Z Complete job name: Fuzz (FuzzInitiatorFinishWithFuzzedMessageB)
2026-08-01T02:31:19.5684063Z ##[group]Run actions/checkout@3d3c42e5aac5ba805825da76410c181273ba90b1
2026-08-01T02:31:19.5685300Z with:
2026-08-01T02:31:19.5686036Z   persist-credentials: false
2026-08-01T02:31:19.5686647Z   repository: the-sarge/cpace
2026-08-01T02:31:19.5690957Z   token: ***
2026-08-01T02:31:19.5691458Z   ssh-strict: true
2026-08-01T02:31:19.5691956Z   ssh-user: git
2026-08-01T02:31:19.5692441Z   clean: true
2026-08-01T02:31:19.5692944Z   sparse-checkout-cone-mode: true
2026-08-01T02:31:19.5693525Z   fetch-depth: 1
2026-08-01T02:31:19.5694009Z   fetch-tags: false
2026-08-01T02:31:19.5694503Z   show-progress: true
2026-08-01T02:31:19.5695014Z   lfs: false
2026-08-01T02:31:19.5695496Z   submodules: false
2026-08-01T02:31:19.5696181Z   set-safe-directory: true
2026-08-01T02:31:19.5696763Z   allow-unsafe-pr-checkout: false
2026-08-01T02:31:19.5697638Z env:
2026-08-01T02:31:19.5698151Z   GOTOOLCHAIN: local
2026-08-01T02:31:19.5698670Z ##[endgroup]
2026-08-01T02:31:19.6733640Z Syncing repository: the-sarge/cpace
2026-08-01T02:31:19.6736088Z ##[group]Getting Git version info
2026-08-01T02:31:19.6737058Z Working directory is '/home/runner/work/cpace/cpace'
2026-08-01T02:31:19.6738210Z [command]/usr/bin/git version
2026-08-01T02:31:19.6777096Z git version 2.54.0
2026-08-01T02:31:19.6799782Z ##[endgroup]
2026-08-01T02:31:19.6821753Z Temporarily overriding HOME='/home/runner/work/_temp/f2a0944d-4d14-4f0e-891c-257ec39c4b67' before making global git config changes
2026-08-01T02:31:19.6823626Z Adding repository directory to the temporary git global config as a safe directory
2026-08-01T02:31:19.6827928Z [command]/usr/bin/git config --global --add safe.directory /home/runner/work/cpace/cpace
2026-08-01T02:31:19.6877312Z Deleting the contents of '/home/runner/work/cpace/cpace'
2026-08-01T02:31:19.6881300Z ##[group]Determining repository object format
2026-08-01T02:31:19.6883368Z ##[endgroup]
2026-08-01T02:31:19.6884293Z ##[group]Initializing the repository
2026-08-01T02:31:19.6888385Z [command]/usr/bin/git init /home/runner/work/cpace/cpace
2026-08-01T02:31:19.6982195Z hint: Using 'master' as the name for the initial branch. This default branch name
2026-08-01T02:31:19.6984853Z hint: will change to "main" in Git 3.0. To configure the initial branch name
2026-08-01T02:31:19.6987245Z hint: to use in all of your new repositories, which will suppress this warning,
2026-08-01T02:31:19.6989012Z hint: call:
2026-08-01T02:31:19.6990132Z hint:
2026-08-01T02:31:19.6991332Z hint: 	git config --global init.defaultBranch <name>
2026-08-01T02:31:19.6992652Z hint:
2026-08-01T02:31:19.6994011Z hint: Names commonly chosen instead of 'master' are 'main', 'trunk' and
2026-08-01T02:31:19.6996522Z hint: 'development'. The just-created branch can be renamed via this command:
2026-08-01T02:31:19.6998135Z hint:
2026-08-01T02:31:19.6999138Z hint: 	git branch -m <name>
2026-08-01T02:31:19.7000275Z hint:
2026-08-01T02:31:19.7001818Z hint: Disable this message with "git config set advice.defaultBranchName false"
2026-08-01T02:31:19.7003760Z Initialized empty Git repository in /home/runner/work/cpace/cpace/.git/
2026-08-01T02:31:19.7007272Z [command]/usr/bin/git remote add origin https://github.com/the-sarge/cpace
2026-08-01T02:31:19.7048928Z ##[endgroup]
2026-08-01T02:31:19.7050492Z ##[group]Disabling automatic garbage collection
2026-08-01T02:31:19.7053147Z [command]/usr/bin/git config --local gc.auto 0
2026-08-01T02:31:19.7088512Z ##[endgroup]
2026-08-01T02:31:19.7090553Z ##[group]Setting up auth
2026-08-01T02:31:19.7091616Z Removing SSH command configuration
2026-08-01T02:31:19.7096451Z [command]/usr/bin/git config --local --name-only --get-regexp core\.sshCommand
2026-08-01T02:31:19.7134826Z [command]/usr/bin/git submodule foreach --recursive sh -c "git config --local --name-only --get-regexp 'core\.sshCommand' && git config --local --unset-all 'core.sshCommand' || :"
2026-08-01T02:31:19.7456461Z Removing HTTP extra header
2026-08-01T02:31:19.7462041Z [command]/usr/bin/git config --local --name-only --get-regexp http\.https\:\/\/github\.com\/\.extraheader
2026-08-01T02:31:19.7497309Z [command]/usr/bin/git submodule foreach --recursive sh -c "git config --local --name-only --get-regexp 'http\.https\:\/\/github\.com\/\.extraheader' && git config --local --unset-all 'http.https://github.com/.extraheader' || :"
2026-08-01T02:31:19.7726171Z Removing includeIf entries pointing to credentials config files
2026-08-01T02:31:19.7731199Z [command]/usr/bin/git config --local --name-only --get-regexp ^includeIf\.gitdir:
2026-08-01T02:31:19.7767764Z [command]/usr/bin/git submodule foreach --recursive git config --local --show-origin --name-only --get-regexp remote.origin.url
2026-08-01T02:31:19.8003150Z [command]/usr/bin/git config --file /home/runner/work/_temp/git-credentials-97820131-1cf4-427f-a59b-05da30508178.config http.https://github.com/.extraheader AUTHORIZATION: basic ***
2026-08-01T02:31:19.8042847Z [command]/usr/bin/git config --local includeIf.gitdir:/home/runner/work/cpace/cpace/.git.path /home/runner/work/_temp/git-credentials-97820131-1cf4-427f-a59b-05da30508178.config
2026-08-01T02:31:19.8074929Z [command]/usr/bin/git config --local includeIf.gitdir:/home/runner/work/cpace/cpace/.git/worktrees/*.path /home/runner/work/_temp/git-credentials-97820131-1cf4-427f-a59b-05da30508178.config
2026-08-01T02:31:19.8110623Z [command]/usr/bin/git config --local includeIf.gitdir:/github/workspace/.git.path /github/runner_temp/git-credentials-97820131-1cf4-427f-a59b-05da30508178.config
2026-08-01T02:31:19.8144281Z [command]/usr/bin/git config --local includeIf.gitdir:/github/workspace/.git/worktrees/*.path /github/runner_temp/git-credentials-97820131-1cf4-427f-a59b-05da30508178.config
2026-08-01T02:31:19.8177457Z ##[endgroup]
2026-08-01T02:31:19.8178354Z ##[group]Fetching the repository
2026-08-01T02:31:19.8184545Z [command]/usr/bin/git -c protocol.version=2 fetch --no-tags --prune --no-recurse-submodules --depth=1 origin +228ebfcaea4a15432a7289f2299dfacb9248910d:refs/remotes/origin/main
2026-08-01T02:31:20.1679557Z From https://github.com/the-sarge/cpace
2026-08-01T02:31:20.1681351Z  * [new ref]         228ebfcaea4a15432a7289f2299dfacb9248910d -> origin/main
2026-08-01T02:31:20.1722583Z [command]/usr/bin/git branch --list --remote origin/main
2026-08-01T02:31:20.1753420Z   origin/main
2026-08-01T02:31:20.1764715Z [command]/usr/bin/git rev-parse refs/remotes/origin/main
2026-08-01T02:31:20.1792701Z 228ebfcaea4a15432a7289f2299dfacb9248910d
2026-08-01T02:31:20.1803939Z ##[endgroup]
2026-08-01T02:31:20.1804983Z ##[group]Determining the checkout info
2026-08-01T02:31:20.1806518Z ##[endgroup]
2026-08-01T02:31:20.1816304Z [command]/usr/bin/git sparse-checkout disable
2026-08-01T02:31:20.1859268Z [command]/usr/bin/git config --local --unset-all extensions.worktreeConfig
2026-08-01T02:31:20.1893755Z ##[group]Checking out the ref
2026-08-01T02:31:20.1897870Z [command]/usr/bin/git checkout --progress --force -B main refs/remotes/origin/main
2026-08-01T02:31:20.2087304Z Switched to a new branch 'main'
2026-08-01T02:31:20.2088873Z branch 'main' set up to track 'origin/main'.
2026-08-01T02:31:20.2098422Z ##[endgroup]
2026-08-01T02:31:20.2146278Z [command]/usr/bin/git log -1 --format=%H
2026-08-01T02:31:20.2176877Z 228ebfcaea4a15432a7289f2299dfacb9248910d
2026-08-01T02:31:20.2186846Z ##[group]Removing auth
2026-08-01T02:31:20.2187766Z Removing SSH command configuration
2026-08-01T02:31:20.2191488Z [command]/usr/bin/git config --local --name-only --get-regexp core\.sshCommand
2026-08-01T02:31:20.2232486Z [command]/usr/bin/git submodule foreach --recursive sh -c "git config --local --name-only --get-regexp 'core\.sshCommand' && git config --local --unset-all 'core.sshCommand' || :"
2026-08-01T02:31:20.2480107Z Removing HTTP extra header
2026-08-01T02:31:20.2486224Z [command]/usr/bin/git config --local --name-only --get-regexp http\.https\:\/\/github\.com\/\.extraheader
2026-08-01T02:31:20.2530959Z [command]/usr/bin/git submodule foreach --recursive sh -c "git config --local --name-only --get-regexp 'http\.https\:\/\/github\.com\/\.extraheader' && git config --local --unset-all 'http.https://github.com/.extraheader' || :"
2026-08-01T02:31:20.2777740Z Removing includeIf entries pointing to credentials config files
2026-08-01T02:31:20.2780837Z [command]/usr/bin/git config --local --name-only --get-regexp ^includeIf\.gitdir:
2026-08-01T02:31:20.2810989Z includeif.gitdir:/home/runner/work/cpace/cpace/.git.path
2026-08-01T02:31:20.2812608Z includeif.gitdir:/home/runner/work/cpace/cpace/.git/worktrees/*.path
2026-08-01T02:31:20.2814249Z includeif.gitdir:/github/workspace/.git.path
2026-08-01T02:31:20.2815465Z includeif.gitdir:/github/workspace/.git/worktrees/*.path
2026-08-01T02:31:20.2821132Z [command]/usr/bin/git config --local --get-all includeif.gitdir:/home/runner/work/cpace/cpace/.git.path
2026-08-01T02:31:20.2847288Z /home/runner/work/_temp/git-credentials-97820131-1cf4-427f-a59b-05da30508178.config
2026-08-01T02:31:20.2859265Z [command]/usr/bin/git config --local --unset includeif.gitdir:/home/runner/work/cpace/cpace/.git.path \/home\/runner\/work\/_temp\/git\-credentials\-97820131\-1cf4\-427f\-a59b\-05da30508178\.config
2026-08-01T02:31:20.2896326Z [command]/usr/bin/git config --local --get-all includeif.gitdir:/home/runner/work/cpace/cpace/.git/worktrees/*.path
2026-08-01T02:31:20.2923850Z /home/runner/work/_temp/git-credentials-97820131-1cf4-427f-a59b-05da30508178.config
2026-08-01T02:31:20.2934034Z [command]/usr/bin/git config --local --unset includeif.gitdir:/home/runner/work/cpace/cpace/.git/worktrees/*.path \/home\/runner\/work\/_temp\/git\-credentials\-97820131\-1cf4\-427f\-a59b\-05da30508178\.config
2026-08-01T02:31:20.2970842Z [command]/usr/bin/git config --local --get-all includeif.gitdir:/github/workspace/.git.path
2026-08-01T02:31:20.3012049Z /github/runner_temp/git-credentials-97820131-1cf4-427f-a59b-05da30508178.config
2026-08-01T02:31:20.3019678Z [command]/usr/bin/git config --local --unset includeif.gitdir:/github/workspace/.git.path \/github\/runner_temp\/git\-credentials\-97820131\-1cf4\-427f\-a59b\-05da30508178\.config
2026-08-01T02:31:20.3060821Z [command]/usr/bin/git config --local --get-all includeif.gitdir:/github/workspace/.git/worktrees/*.path
2026-08-01T02:31:20.3111041Z /github/runner_temp/git-credentials-97820131-1cf4-427f-a59b-05da30508178.config
2026-08-01T02:31:20.3123239Z [command]/usr/bin/git config --local --unset includeif.gitdir:/github/workspace/.git/worktrees/*.path \/github\/runner_temp\/git\-credentials\-97820131\-1cf4\-427f\-a59b\-05da30508178\.config
2026-08-01T02:31:20.3159144Z [command]/usr/bin/git submodule foreach --recursive git config --local --show-origin --name-only --get-regexp remote.origin.url
2026-08-01T02:31:20.3388686Z Removing credentials config '/home/runner/work/_temp/git-credentials-97820131-1cf4-427f-a59b-05da30508178.config'
2026-08-01T02:31:20.3399941Z ##[endgroup]
2026-08-01T02:31:20.3826301Z ##[group]Run actions/setup-go@b7ad1dad31e06c5925ef5d2fc7ad053ef454303e
2026-08-01T02:31:20.3827638Z with:
2026-08-01T02:31:20.3828210Z   go-version-file: go.mod
2026-08-01T02:31:20.3828896Z   cache: true
2026-08-01T02:31:20.3829464Z   check-latest: false
2026-08-01T02:31:20.3839310Z   token: ***
2026-08-01T02:31:20.3839878Z env:
2026-08-01T02:31:20.3840400Z   GOTOOLCHAIN: local
2026-08-01T02:31:20.3841018Z ##[endgroup]
2026-08-01T02:31:20.5085255Z Setup go version spec 1.26
2026-08-01T02:31:20.5138578Z Found in cache @ /opt/hostedtoolcache/go/1.26.5/x64
2026-08-01T02:31:20.5147028Z Added go to the path
2026-08-01T02:31:20.5148886Z Successfully set up Go version 1.26
2026-08-01T02:31:21.2534197Z [command]/opt/hostedtoolcache/go/1.26.5/x64/bin/go env GOMODCACHE
2026-08-01T02:31:21.2573482Z [command]/opt/hostedtoolcache/go/1.26.5/x64/bin/go env GOCACHE
2026-08-01T02:31:21.2605135Z /home/runner/go/pkg/mod
2026-08-01T02:31:21.2632964Z /home/runner/.cache/go-build
2026-08-01T02:31:21.5532017Z Cache hit for: setup-go-Linux-x64-ubuntu24-go-1.26.5-814ece81adf6f24fa7bd007dee244739438443274d9a26845b30615e3a61a08c
2026-08-01T02:31:22.8612004Z Received 0 of 67475929 (0.0%), 0.0 MBs/sec
2026-08-01T02:31:23.7323706Z Received 67475929 of 67475929 (100.0%), 34.4 MBs/sec
2026-08-01T02:31:23.7325511Z Cache Size: ~64 MB (67475929 B)
2026-08-01T02:31:23.7391813Z [command]/usr/bin/tar -xf /home/runner/work/_temp/1ed4582a-b82d-41ce-92c9-46d93e7eb61c/cache.tzst -P -C /home/runner/work/cpace/cpace --use-compress-program unzstd
2026-08-01T02:31:24.4861213Z Cache restored successfully
2026-08-01T02:31:24.4900365Z Cache restored from key: setup-go-Linux-x64-ubuntu24-go-1.26.5-814ece81adf6f24fa7bd007dee244739438443274d9a26845b30615e3a61a08c
2026-08-01T02:31:24.4924648Z go version go1.26.5 linux/amd64
2026-08-01T02:31:24.4924904Z
2026-08-01T02:31:24.4925232Z ##[group]go env
2026-08-01T02:31:24.5325380Z AR='ar'
2026-08-01T02:31:24.5326056Z CC='gcc'
2026-08-01T02:31:24.5326441Z CGO_CFLAGS='-O2 -g'
2026-08-01T02:31:24.5326952Z CGO_CPPFLAGS=''
2026-08-01T02:31:24.5327385Z CGO_CXXFLAGS='-O2 -g'
2026-08-01T02:31:24.5327841Z CGO_ENABLED='1'
2026-08-01T02:31:24.5328283Z CGO_FFLAGS='-O2 -g'
2026-08-01T02:31:24.5328667Z CGO_LDFLAGS='-O2 -g'
2026-08-01T02:31:24.5329040Z CXX='g++'
2026-08-01T02:31:24.5329377Z GCCGO='gccgo'
2026-08-01T02:31:24.5329736Z GO111MODULE=''
2026-08-01T02:31:24.5330092Z GOAMD64='v1'
2026-08-01T02:31:24.5330448Z GOARCH='amd64'
2026-08-01T02:31:24.5330794Z GOAUTH='netrc'
2026-08-01T02:31:24.5331136Z GOBIN=''
2026-08-01T02:31:24.5331567Z GOCACHE='/home/runner/.cache/go-build'
2026-08-01T02:31:24.5331948Z GOCACHEPROG=''
2026-08-01T02:31:24.5332176Z GODEBUG=''
2026-08-01T02:31:24.5332413Z GOENV='/home/runner/.config/go/env'
2026-08-01T02:31:24.5332740Z GOEXE=''
2026-08-01T02:31:24.5332979Z GOEXPERIMENT=''
2026-08-01T02:31:24.5333249Z GOFIPS140='off'
2026-08-01T02:31:24.5333483Z GOFLAGS=''
2026-08-01T02:31:24.5334249Z GOGCCFLAGS='-fPIC -m64 -pthread -Wl,--no-gc-sections -fmessage-length=0 -ffile-prefix-map=/tmp/go-build2001868325=/tmp/go-build -gno-record-gcc-switches'
2026-08-01T02:31:24.5335048Z GOHOSTARCH='amd64'
2026-08-01T02:31:24.5335908Z GOHOSTOS='linux'
2026-08-01T02:31:24.5336261Z GOINSECURE=''
2026-08-01T02:31:24.5336568Z GOMOD='/home/runner/work/cpace/cpace/go.mod'
2026-08-01T02:31:24.5336905Z GOMODCACHE='/home/runner/go/pkg/mod'
2026-08-01T02:31:24.5337182Z GONOPROXY=''
2026-08-01T02:31:24.5337389Z GONOSUMDB=''
2026-08-01T02:31:24.5337584Z GOOS='linux'
2026-08-01T02:31:24.5337794Z GOPATH='/home/runner/go'
2026-08-01T02:31:24.5338035Z GOPRIVATE=''
2026-08-01T02:31:24.5338324Z GOPROXY='https://proxy.golang.org,direct'
2026-08-01T02:31:24.5338670Z GOROOT='/opt/hostedtoolcache/go/1.26.5/x64'
2026-08-01T02:31:24.5338981Z GOSUMDB='sum.golang.org'
2026-08-01T02:31:24.5339222Z GOTELEMETRY='local'
2026-08-01T02:31:24.5339498Z GOTELEMETRYDIR='/home/runner/.config/go/telemetry'
2026-08-01T02:31:24.5339808Z GOTMPDIR=''
2026-08-01T02:31:24.5340018Z GOTOOLCHAIN='local'
2026-08-01T02:31:24.5340770Z GOTOOLDIR='/opt/hostedtoolcache/go/1.26.5/x64/pkg/tool/linux_amd64'
2026-08-01T02:31:24.5341181Z GOVCS=''
2026-08-01T02:31:24.5341390Z GOVERSION='go1.26.5'
2026-08-01T02:31:24.5341626Z GOWORK=''
2026-08-01T02:31:24.5341841Z PKG_CONFIG='pkg-config'
2026-08-01T02:31:24.5342025Z
2026-08-01T02:31:24.5342404Z ##[endgroup]
2026-08-01T02:31:24.5480974Z ##[group]Run go version
2026-08-01T02:31:24.5481337Z [36;1mgo version[0m
2026-08-01T02:31:24.5481638Z [36;1mgo env GOTOOLCHAIN GOPROXY GOSUMDB[0m
2026-08-01T02:31:24.5532998Z shell: /usr/bin/bash -e {0}
2026-08-01T02:31:24.5533297Z env:
2026-08-01T02:31:24.5533509Z   GOTOOLCHAIN: local
2026-08-01T02:31:24.5533741Z ##[endgroup]
2026-08-01T02:31:24.5655578Z go version go1.26.5 linux/amd64
2026-08-01T02:31:24.5686097Z local
2026-08-01T02:31:24.5686914Z https://proxy.golang.org,direct
2026-08-01T02:31:24.5687793Z sum.golang.org
2026-08-01T02:31:24.5752111Z ##[group]Run touch "${RUNNER_TEMP}/fuzz-start-FuzzInitiatorFinishWithFuzzedMessageB"
2026-08-01T02:31:24.5753010Z [36;1mtouch "${RUNNER_TEMP}/fuzz-start-FuzzInitiatorFinishWithFuzzedMessageB"[0m
2026-08-01T02:31:24.5801431Z shell: /usr/bin/bash --noprofile --norc -e -o pipefail {0}
2026-08-01T02:31:24.5801870Z env:
2026-08-01T02:31:24.5802129Z   GOTOOLCHAIN: local
2026-08-01T02:31:24.5802356Z ##[endgroup]
2026-08-01T02:31:24.5916426Z ##[group]Run go test -race -fuzz="FuzzInitiatorFinishWithFuzzedMessageB" -fuzztime=5m "."
2026-08-01T02:31:24.5917147Z [36;1mgo test -race -fuzz="FuzzInitiatorFinishWithFuzzedMessageB" -fuzztime=5m "."[0m
2026-08-01T02:31:24.5963078Z shell: /usr/bin/bash --noprofile --norc -e -o pipefail {0}
2026-08-01T02:31:24.5963457Z env:
2026-08-01T02:31:24.5963656Z   GOTOOLCHAIN: local
2026-08-01T02:31:24.5963882Z ##[endgroup]
2026-08-01T02:31:41.7251729Z fuzz: elapsed: 0s, gathering baseline coverage: 0/9 completed
2026-08-01T02:31:41.7877811Z fuzz: elapsed: 0s, gathering baseline coverage: 9/9 completed, now fuzzing with 4 workers
2026-08-01T02:31:44.7307686Z fuzz: elapsed: 3s, execs: 1629 (543/sec), new interesting: 3 (total: 12)
2026-08-01T02:31:47.7294849Z fuzz: elapsed: 6s, execs: 1629 (0/sec), new interesting: 3 (total: 12)
2026-08-01T02:31:50.7357189Z fuzz: elapsed: 9s, execs: 1629 (0/sec), new interesting: 3 (total: 12)
2026-08-01T02:31:53.7300131Z fuzz: elapsed: 12s, execs: 1629 (0/sec), new interesting: 3 (total: 12)
2026-08-01T02:31:56.7302629Z fuzz: elapsed: 15s, execs: 13643 (4007/sec), new interesting: 6 (total: 15)
2026-08-01T02:31:59.7277144Z fuzz: elapsed: 18s, execs: 19620 (1992/sec), new interesting: 6 (total: 15)
2026-08-01T02:32:02.7258825Z fuzz: elapsed: 21s, execs: 29336 (3239/sec), new interesting: 6 (total: 15)
2026-08-01T02:32:05.7278791Z fuzz: elapsed: 24s, execs: 29336 (0/sec), new interesting: 6 (total: 15)
2026-08-01T02:32:08.7292900Z fuzz: elapsed: 27s, execs: 41866 (4179/sec), new interesting: 7 (total: 16)
2026-08-01T02:32:11.7252269Z fuzz: elapsed: 30s, execs: 48922 (2352/sec), new interesting: 7 (total: 16)
2026-08-01T02:32:14.7276817Z fuzz: elapsed: 33s, execs: 54887 (1987/sec), new interesting: 7 (total: 16)
2026-08-01T02:32:17.7277048Z fuzz: elapsed: 36s, execs: 56246 (453/sec), new interesting: 7 (total: 16)
2026-08-01T02:32:20.7277138Z fuzz: elapsed: 39s, execs: 57318 (357/sec), new interesting: 7 (total: 16)
2026-08-01T02:32:23.7277230Z fuzz: elapsed: 42s, execs: 65823 (2835/sec), new interesting: 8 (total: 17)
2026-08-01T02:32:26.7287288Z fuzz: elapsed: 45s, execs: 84334 (6168/sec), new interesting: 9 (total: 18)
2026-08-01T02:32:29.7279086Z fuzz: elapsed: 48s, execs: 89269 (1644/sec), new interesting: 10 (total: 19)
2026-08-01T02:32:32.7296894Z fuzz: elapsed: 51s, execs: 94715 (1816/sec), new interesting: 10 (total: 19)
2026-08-01T02:32:35.7252882Z fuzz: elapsed: 54s, execs: 99939 (1742/sec), new interesting: 10 (total: 19)
2026-08-01T02:32:38.7267092Z fuzz: elapsed: 57s, execs: 104909 (1656/sec), new interesting: 10 (total: 19)
2026-08-01T02:32:41.7287159Z fuzz: elapsed: 1m0s, execs: 110392 (1828/sec), new interesting: 10 (total: 19)
2026-08-01T02:32:44.7269448Z fuzz: elapsed: 1m3s, execs: 115783 (1797/sec), new interesting: 10 (total: 19)
2026-08-01T02:32:47.7277327Z fuzz: elapsed: 1m6s, execs: 121900 (2039/sec), new interesting: 10 (total: 19)
2026-08-01T02:32:50.7268898Z fuzz: elapsed: 1m9s, execs: 127353 (1817/sec), new interesting: 10 (total: 19)
2026-08-01T02:32:53.7286954Z fuzz: elapsed: 1m12s, execs: 132260 (1636/sec), new interesting: 10 (total: 19)
2026-08-01T02:32:56.7266965Z fuzz: elapsed: 1m15s, execs: 138230 (1991/sec), new interesting: 10 (total: 19)
2026-08-01T02:32:59.7288767Z fuzz: elapsed: 1m18s, execs: 143367 (1712/sec), new interesting: 10 (total: 19)
2026-08-01T02:33:02.7266895Z fuzz: elapsed: 1m21s, execs: 149317 (1984/sec), new interesting: 11 (total: 20)
2026-08-01T02:33:05.7257869Z fuzz: elapsed: 1m24s, execs: 153703 (1462/sec), new interesting: 11 (total: 20)
2026-08-01T02:33:08.7277243Z fuzz: elapsed: 1m27s, execs: 158130 (1475/sec), new interesting: 11 (total: 20)
2026-08-01T02:33:11.7270056Z fuzz: elapsed: 1m30s, execs: 162543 (1471/sec), new interesting: 11 (total: 20)
2026-08-01T02:33:14.7298965Z fuzz: elapsed: 1m33s, execs: 166892 (1449/sec), new interesting: 11 (total: 20)
2026-08-01T02:33:17.7276516Z fuzz: elapsed: 1m36s, execs: 171320 (1477/sec), new interesting: 11 (total: 20)
2026-08-01T02:33:20.7264940Z fuzz: elapsed: 1m39s, execs: 175694 (1458/sec), new interesting: 11 (total: 20)
2026-08-01T02:33:23.7266999Z fuzz: elapsed: 1m42s, execs: 180072 (1460/sec), new interesting: 11 (total: 20)
2026-08-01T02:33:26.7291529Z fuzz: elapsed: 1m45s, execs: 184417 (1448/sec), new interesting: 11 (total: 20)
2026-08-01T02:33:29.7266904Z fuzz: elapsed: 1m48s, execs: 188831 (1472/sec), new interesting: 11 (total: 20)
2026-08-01T02:33:32.7276981Z fuzz: elapsed: 1m51s, execs: 193189 (1452/sec), new interesting: 11 (total: 20)
2026-08-01T02:33:35.7287067Z fuzz: elapsed: 1m54s, execs: 196900 (1237/sec), new interesting: 11 (total: 20)
2026-08-01T02:33:38.7278286Z fuzz: elapsed: 1m57s, execs: 199763 (954/sec), new interesting: 11 (total: 20)
2026-08-01T02:33:41.7267656Z fuzz: elapsed: 2m0s, execs: 201972 (737/sec), new interesting: 11 (total: 20)
2026-08-01T02:33:44.7264464Z fuzz: elapsed: 2m3s, execs: 204118 (715/sec), new interesting: 11 (total: 20)
2026-08-01T02:33:47.7297114Z fuzz: elapsed: 2m6s, execs: 206273 (718/sec), new interesting: 11 (total: 20)
2026-08-01T02:33:50.7287037Z fuzz: elapsed: 2m9s, execs: 208496 (741/sec), new interesting: 11 (total: 20)
2026-08-01T02:33:53.7277018Z fuzz: elapsed: 2m12s, execs: 210694 (733/sec), new interesting: 11 (total: 20)
2026-08-01T02:33:56.7277032Z fuzz: elapsed: 2m15s, execs: 212865 (724/sec), new interesting: 11 (total: 20)
2026-08-01T02:33:59.7277005Z fuzz: elapsed: 2m18s, execs: 215091 (742/sec), new interesting: 11 (total: 20)
2026-08-01T02:34:02.7356361Z fuzz: elapsed: 2m21s, execs: 217269 (726/sec), new interesting: 11 (total: 20)
2026-08-01T02:34:05.7266894Z fuzz: elapsed: 2m24s, execs: 219486 (739/sec), new interesting: 11 (total: 20)
2026-08-01T02:34:08.7266687Z fuzz: elapsed: 2m27s, execs: 221664 (726/sec), new interesting: 11 (total: 20)
2026-08-01T02:34:11.7252872Z fuzz: elapsed: 2m30s, execs: 223835 (724/sec), new interesting: 11 (total: 20)
2026-08-01T02:34:14.7252764Z fuzz: elapsed: 2m33s, execs: 226043 (736/sec), new interesting: 11 (total: 20)
2026-08-01T02:34:17.7258368Z fuzz: elapsed: 2m36s, execs: 228238 (732/sec), new interesting: 11 (total: 20)
2026-08-01T02:34:20.7256044Z fuzz: elapsed: 2m39s, execs: 230443 (735/sec), new interesting: 11 (total: 20)
2026-08-01T02:34:23.7272529Z fuzz: elapsed: 2m42s, execs: 232626 (728/sec), new interesting: 11 (total: 20)
2026-08-01T02:34:26.7268090Z fuzz: elapsed: 2m45s, execs: 234812 (728/sec), new interesting: 11 (total: 20)
2026-08-01T02:34:29.7254391Z fuzz: elapsed: 2m48s, execs: 237000 (730/sec), new interesting: 11 (total: 20)
2026-08-01T02:34:32.7253655Z fuzz: elapsed: 2m51s, execs: 239160 (720/sec), new interesting: 11 (total: 20)
2026-08-01T02:34:35.7317017Z fuzz: elapsed: 2m54s, execs: 241713 (851/sec), new interesting: 12 (total: 21)
2026-08-01T02:34:38.7296655Z fuzz: elapsed: 2m57s, execs: 244733 (1006/sec), new interesting: 12 (total: 21)
2026-08-01T02:34:41.7268151Z fuzz: elapsed: 3m0s, execs: 248601 (1289/sec), new interesting: 12 (total: 21)
2026-08-01T02:34:44.7297088Z fuzz: elapsed: 3m3s, execs: 253129 (1509/sec), new interesting: 12 (total: 21)
2026-08-01T02:34:47.7267289Z fuzz: elapsed: 3m6s, execs: 257637 (1503/sec), new interesting: 12 (total: 21)
2026-08-01T02:34:50.7278869Z fuzz: elapsed: 3m9s, execs: 262163 (1508/sec), new interesting: 12 (total: 21)
2026-08-01T02:34:53.7287122Z fuzz: elapsed: 3m12s, execs: 266681 (1507/sec), new interesting: 12 (total: 21)
2026-08-01T02:34:56.7267020Z fuzz: elapsed: 3m15s, execs: 271239 (1519/sec), new interesting: 12 (total: 21)
2026-08-01T02:34:59.7297289Z fuzz: elapsed: 3m18s, execs: 275783 (1515/sec), new interesting: 12 (total: 21)
2026-08-01T02:35:02.7260227Z fuzz: elapsed: 3m21s, execs: 280042 (1420/sec), new interesting: 12 (total: 21)
2026-08-01T02:35:05.7254934Z fuzz: elapsed: 3m24s, execs: 284385 (1448/sec), new interesting: 12 (total: 21)
2026-08-01T02:35:08.7260098Z fuzz: elapsed: 3m27s, execs: 288972 (1529/sec), new interesting: 12 (total: 21)
2026-08-01T02:35:11.7297214Z fuzz: elapsed: 3m30s, execs: 293459 (1495/sec), new interesting: 12 (total: 21)
2026-08-01T02:35:14.7307537Z fuzz: elapsed: 3m33s, execs: 297977 (1506/sec), new interesting: 12 (total: 21)
2026-08-01T02:35:17.7347279Z fuzz: elapsed: 3m36s, execs: 302580 (1535/sec), new interesting: 12 (total: 21)
2026-08-01T02:35:20.7281373Z fuzz: elapsed: 3m39s, execs: 307065 (1494/sec), new interesting: 12 (total: 21)
2026-08-01T02:35:23.7316896Z fuzz: elapsed: 3m42s, execs: 311647 (1528/sec), new interesting: 12 (total: 21)
2026-08-01T02:35:26.7268411Z fuzz: elapsed: 3m45s, execs: 316113 (1489/sec), new interesting: 12 (total: 21)
2026-08-01T02:35:29.7287097Z fuzz: elapsed: 3m48s, execs: 320628 (1505/sec), new interesting: 12 (total: 21)
2026-08-01T02:35:32.7265861Z fuzz: elapsed: 3m51s, execs: 325100 (1491/sec), new interesting: 12 (total: 21)
2026-08-01T02:35:35.7297013Z fuzz: elapsed: 3m54s, execs: 329583 (1493/sec), new interesting: 12 (total: 21)
2026-08-01T02:35:38.7346827Z fuzz: elapsed: 3m57s, execs: 334076 (1497/sec), new interesting: 12 (total: 21)
2026-08-01T02:35:41.7318518Z fuzz: elapsed: 4m0s, execs: 338543 (1491/sec), new interesting: 12 (total: 21)
2026-08-01T02:35:44.7287556Z fuzz: elapsed: 4m3s, execs: 343020 (1492/sec), new interesting: 12 (total: 21)
2026-08-01T02:35:47.7287077Z fuzz: elapsed: 4m6s, execs: 347614 (1531/sec), new interesting: 12 (total: 21)
2026-08-01T02:35:50.7306937Z fuzz: elapsed: 4m9s, execs: 352101 (1494/sec), new interesting: 12 (total: 21)
2026-08-01T02:35:53.7273464Z fuzz: elapsed: 4m12s, execs: 356021 (1308/sec), new interesting: 12 (total: 21)
2026-08-01T02:35:56.7279529Z fuzz: elapsed: 4m15s, execs: 360554 (1510/sec), new interesting: 12 (total: 21)
2026-08-01T02:35:59.7307117Z fuzz: elapsed: 4m18s, execs: 365130 (1526/sec), new interesting: 12 (total: 21)
2026-08-01T02:36:02.7266989Z fuzz: elapsed: 4m21s, execs: 369469 (1447/sec), new interesting: 12 (total: 21)
2026-08-01T02:36:05.7282460Z fuzz: elapsed: 4m24s, execs: 373615 (1382/sec), new interesting: 12 (total: 21)
2026-08-01T02:36:08.7267012Z fuzz: elapsed: 4m27s, execs: 377714 (1367/sec), new interesting: 12 (total: 21)
2026-08-01T02:36:11.7292930Z fuzz: elapsed: 4m30s, execs: 382199 (1495/sec), new interesting: 12 (total: 21)
2026-08-01T02:36:14.7283378Z fuzz: elapsed: 4m33s, execs: 386547 (1449/sec), new interesting: 12 (total: 21)
2026-08-01T02:36:17.7277138Z fuzz: elapsed: 4m36s, execs: 389852 (1102/sec), new interesting: 12 (total: 21)
2026-08-01T02:36:20.7277393Z fuzz: elapsed: 4m39s, execs: 394006 (1384/sec), new interesting: 12 (total: 21)
2026-08-01T02:36:23.7279115Z fuzz: elapsed: 4m42s, execs: 398612 (1536/sec), new interesting: 12 (total: 21)
2026-08-01T02:36:26.7277681Z fuzz: elapsed: 4m45s, execs: 403149 (1513/sec), new interesting: 12 (total: 21)
2026-08-01T02:36:29.7266828Z fuzz: elapsed: 4m48s, execs: 407624 (1491/sec), new interesting: 12 (total: 21)
2026-08-01T02:36:32.7277050Z fuzz: elapsed: 4m51s, execs: 412193 (1523/sec), new interesting: 12 (total: 21)
2026-08-01T02:36:35.7267045Z fuzz: elapsed: 4m54s, execs: 416830 (1546/sec), new interesting: 12 (total: 21)
2026-08-01T02:36:38.7296199Z fuzz: elapsed: 4m57s, execs: 421299 (1489/sec), new interesting: 12 (total: 21)
2026-08-01T02:36:41.7260291Z fuzz: elapsed: 5m0s, execs: 425760 (1488/sec), new interesting: 12 (total: 21)
2026-08-01T02:36:42.7894378Z fuzz: elapsed: 5m1s, execs: 425760 (0/sec), new interesting: 12 (total: 21)
2026-08-01T02:36:42.7895440Z PASS
2026-08-01T02:36:43.8473973Z ok  	github.com/the-sarge/cpace	302.474s
2026-08-01T02:36:43.8979341Z Post job cleanup.
2026-08-01T02:36:44.0135042Z [command]/opt/hostedtoolcache/go/1.26.5/x64/bin/go env GOMODCACHE
2026-08-01T02:36:44.0179079Z [command]/opt/hostedtoolcache/go/1.26.5/x64/bin/go env GOCACHE
2026-08-01T02:36:44.0206497Z /home/runner/go/pkg/mod
2026-08-01T02:36:44.0227649Z /home/runner/.cache/go-build
2026-08-01T02:36:44.0234258Z Cache hit occurred on the primary key setup-go-Linux-x64-ubuntu24-go-1.26.5-814ece81adf6f24fa7bd007dee244739438443274d9a26845b30615e3a61a08c, not saving cache.
2026-08-01T02:36:44.0385032Z Post job cleanup.
2026-08-01T02:36:44.1261702Z [command]/usr/bin/git version
2026-08-01T02:36:44.1304739Z git version 2.54.0
2026-08-01T02:36:44.1341942Z Temporarily overriding HOME='/home/runner/work/_temp/359f683b-6574-4aa3-bfa6-75b6027e735c' before making global git config changes
2026-08-01T02:36:44.1343467Z Adding repository directory to the temporary git global config as a safe directory
2026-08-01T02:36:44.1357110Z [command]/usr/bin/git config --global --add safe.directory /home/runner/work/cpace/cpace
2026-08-01T02:36:44.1392531Z Removing SSH command configuration
2026-08-01T02:36:44.1398520Z [command]/usr/bin/git config --local --name-only --get-regexp core\.sshCommand
2026-08-01T02:36:44.1437971Z [command]/usr/bin/git submodule foreach --recursive sh -c "git config --local --name-only --get-regexp 'core\.sshCommand' && git config --local --unset-all 'core.sshCommand' || :"
2026-08-01T02:36:44.1671379Z Removing HTTP extra header
2026-08-01T02:36:44.1677163Z [command]/usr/bin/git config --local --name-only --get-regexp http\.https\:\/\/github\.com\/\.extraheader
2026-08-01T02:36:44.1711203Z [command]/usr/bin/git submodule foreach --recursive sh -c "git config --local --name-only --get-regexp 'http\.https\:\/\/github\.com\/\.extraheader' && git config --local --unset-all 'http.https://github.com/.extraheader' || :"
2026-08-01T02:36:44.1926925Z Removing includeIf entries pointing to credentials config files
2026-08-01T02:36:44.1933690Z [command]/usr/bin/git config --local --name-only --get-regexp ^includeIf\.gitdir:
2026-08-01T02:36:44.1966640Z [command]/usr/bin/git submodule foreach --recursive git config --local --show-origin --name-only --get-regexp remote.origin.url
2026-08-01T02:36:44.2341173Z Cleaning up orphan processes
